// Jest Snapshot v1, https://goo.gl/fbAQLP

exports[`ProductImage debe mostrar el componente con la imagen del producto 1`] = `
<div
  className="productCard undefined"
>
  <img
    alt="Product"
    className="productImg undefined"
    src="./coffee-mug.png"
  />
</div>
`;

exports[`ProductImage debe mostrar el componente con la imagen personalizada 1`] = `
<img
  alt="Product"
  className="productImg custom-class"
  src="https://picsum.photos/200/300"
/>
`;
